// Jest Snapshot v1, https://goo.gl/fbAQLP

exports[`SimpleStepper renders snapshot 1`] = `
<Component
  style={
    Object {
      "alignItems": "center",
      "backgroundColor": "transparent",
      "borderColor": "blue",
      "borderRadius": 8,
      "borderWidth": 2,
      "flexDirection": "row",
      "overflow": "hidden",
    }
  }
>
  <Step
    activeOpacity={0.4}
    disabled={true}
    onPress={[Function]}
    renderImage={[Function]}
    style={
      Object {
        "padding": 8,
      }
    }
  />
  <Component
    style={
      Object {
        "backgroundColor": "blue",
        "height": "100%",
        "width": 0.5,
      }
    }
  />
  <Text
    accessible={true}
    allowFontScaling={true}
    ellipsizeMode="tail"
    style={
      Object {
        "color": "blue",
        "fontSize": 20,
        "fontWeight": "bold",
        "padding": 8,
      }
    }
  >
    0
  </Text>
  <Component
    style={
      Object {
        "backgroundColor": "blue",
        "height": "100%",
        "width": 0.5,
      }
    }
  />
  <Step
    activeOpacity={0.4}
    disabled={false}
    onPress={[Function]}
    renderImage={[Function]}
    style={
      Object {
        "padding": 8,
      }
    }
  />
</Component>
`;
