// Jest Snapshot v1, https://goo.gl/fbAQLP

exports[`renders correctly 1`] = `
<View
  style={
    Array [
      Object {
        "alignItems": "center",
        "borderRadius": 3,
        "borderWidth": 1,
        "flexDirection": "row",
        "justifyContent": "center",
        "overflow": "hidden",
      },
      Object {
        "backgroundColor": "transparent",
        "borderColor": "blue",
      },
    ]
  }
>
  <TouchableOpacity
    activeOpacity={0.4}
    disabled={true}
    focusedOpacity={0.7}
    onPress={[Function]}
    style={
      Array [
        Object {
          "alignItems": "center",
        },
        Object {
          "borderColor": "blue",
          "padding": 4,
        },
      ]
    }
  >
    <View>
      <Image
        source={1}
        style={
          Array [
            null,
            Object {
              "tintColor": "blue",
            },
            Object {
              "opacity": 0.5,
            },
          ]
        }
      />
    </View>
  </TouchableOpacity>
  <TouchableOpacity
    activeOpacity={0.4}
    disabled={false}
    focusedOpacity={0.7}
    onPress={[Function]}
    style={
      Array [
        Object {
          "alignItems": "center",
          "borderBottomWidth": 0,
          "borderRightWidth": 0,
          "borderTopWidth": 0,
          "borderWidth": 0.5,
        },
        Object {
          "borderColor": "blue",
          "padding": 4,
        },
      ]
    }
  >
    <View>
      <Image
        source={1}
        style={
          Array [
            null,
            Object {
              "tintColor": "blue",
            },
            Object {
              "opacity": 1,
            },
          ]
        }
      />
    </View>
  </TouchableOpacity>
</View>
`;
