// Jest Snapshot v1, https://goo.gl/fbAQLP

exports[`Step renders snapshot 1`] = `
<View
  accessible={true}
  focusable={true}
  isTVSelectable={true}
  onClick={[Function]}
  onResponderGrant={[Function]}
  onResponderMove={[Function]}
  onResponderRelease={[Function]}
  onResponderTerminate={[Function]}
  onResponderTerminationRequest={[Function]}
  onStartShouldSetResponder={[Function]}
  style={
    Object {
      "opacity": 1,
      "padding": 8,
    }
  }
>
  <Image
    source={Object {}}
    style={
      Array [
        Object {
          "height": 36,
          "width": 36,
        },
        Object {
          "opacity": 1,
        },
      ]
    }
  />
</View>
`;
